# Tests
- ✔ pass [pass: 1, fail: 0]
- ✖ fail [pass: 0, fail: 1]
- ✖ pass and fail [pass: 1, fail: 1]

# Summary
- planned: 4
- assertions: 4
- pass: 2
- fail: 2

# Fails
```
# fail
  ✖ should fail
    operator: ok
    expected: true
    actual:   false

# pass and fail
  ✖ should fail
    operator: ok
    expected: true
    actual:   false
```

